2026-10-08T13:08:06+08:00
Linux iZbp106a3t3mzz3nfabuawZ 5.15.0-191-generic #201-Ubuntu SMP Fri Aug 7 18:39:04 UTC 2026 x86_64 x86_64 x86_64 GNU/Linux
iZbp106a3t3mzz3nfabuawZ
Client:
 Version:           29.1.3
 API version:       1.52
 Go version:        go1.24.4
 Git commit:        29.1.3-0ubuntu3~22.04.2
 Built:             Wed Apr 29 22:18:59 2026
 OS/Arch:           linux/amd64
 Context:           default

Server:
 Engine:
  Version:          29.1.3
  API version:      1.52 (minimum version 1.44)
  Go version:       go1.24.4
  Git commit:       29.1.3-0ubuntu3~22.04.2
  Built:            Wed Apr 29 22:18:59 2026
  OS/Arch:          linux/amd64
  Experimental:     false
 containerd:
  Version:          2.2.1
  GitCommit:        
 runc:
  Version:          1.3.4-0ubuntu1~22.04.1
  GitCommit:        
 docker-init:
  Version:          0.19.0
  GitCommit:        
Docker Compose version 2.40.3+ds1-0ubuntu1~22.04.1
github.com/docker/buildx 0.30.1 0.30.1-0ubuntu1~22.04.1
git version 2.34.1
GNU Make 4.3
Python 3.10.12
2
               total        used        free      shared  buff/cache   available
Mem:           3.5Gi       303Mi       148Mi       2.0Mi       3.1Gi       3.0Gi
Swap:             0B          0B          0B
Filesystem      Size  Used Avail Use% Mounted on
/dev/nvme0n1p3   79G  4.6G   71G   7% /
